// Jest Snapshot v1, https://goo.gl/fbAQLP

exports[`renders a single message correctly 1`] = `
<div>
  <Message
    id="cd445e6d-e514-424f-ba8f-16ec842002c6"
    key="cd445e6d-e514-424f-ba8f-16ec842002c6"
  />
</div>
`;

exports[`renders correctly 1`] = `<div />`;
